// Jest Snapshot v1, https://goo.gl/fbAQLP

exports[`Render AddExpensePage correctly 1`] = `
<div>
  <div
    className="page-header"
  >
    <div
      className="container"
    >
      <h1
        className="page-title"
      >
        Add Expense
      </h1>
    </div>
  </div>
  <div
    className="container"
  >
    <ExpenseForm
      onSubmit={[Function]}
    />
  </div>
</div>
`;
