// Jest Snapshot v1, https://goo.gl/fbAQLP

exports[`Render the Dashboard Page 1`] = `
<div>
  <Connect(ExpenseFilters) />
  <Connect(ExpenseList) />
</div>
`;
