// Jest Snapshot v1, https://goo.gl/fbAQLP

exports[`Should render ExpenseList Item 1`] = `
<div>
  <Link
    to="./edit/1"
  >
    <h3>
      Gum
    </h3>
  </Link>
  <p>
    10
     - 
    0
  </p>
</div>
`;
